{
  "data": {
    "id": "5b192f70a7ab640d",
    "type": "ticket",
    "attributes": {
      "created_at": 1577750400000
    }
  }
}
