{
  "data": {
    "id": "175bbc34c26334c4",
    "type": "ticket",
    "attributes": {
      "created_at": 1577782800000,
      "price": 4
    }
  }
}
